error: `Foo` defines `new()` but does not implement `Default`
  --> $DIR/new_without_default.rs:8:5
   |
LL | /     pub fn new() -> Foo {
LL | |         Foo
LL | |     }
   | |_____^
   |
   = note: `-D clippy::new-without-default` implied by `-D warnings`
help: consider deriving a `Default` implementation
   |
LL | #[derive(Default)]
   |

error: `Bar` defines `new()` but does not implement `Default`
  --> $DIR/new_without_default.rs:16:5
   |
LL | /     pub fn new() -> Self {
LL | |         Bar
LL | |     }
   | |_____^
help: consider deriving a `Default` implementation
   |
LL | #[derive(Default)]
   |

error: `LtKo<'c>` defines `new()` but does not implement `Default`
  --> $DIR/new_without_default.rs:80:5
   |
LL | /     pub fn new() -> LtKo<'c> {
LL | |         unimplemented!()
LL | |     }
   | |_____^
help: consider implementing `Default` in terms of `new()`
   |
LL | impl Default for LtKo<'c> {
LL |     fn default() -> Self {
LL |         Self::new()
LL |     }
LL | }
   |

error: aborting due to 3 previous errors

